=== RUNNING on node=matemagician gpu_config={'QuadroP600': 1} image=wangrat/ijm-cnn_big:latest command=[] start=2026-06-25T17:38:12.607280+00:00 ===
2026-06-25 17:38:15 - __main__ - INFO - ============================================================
2026-06-25 17:38:15 - __main__ - INFO - Starting cnn_big v2 training (synthetic 128x128x3, deep CNN)
2026-06-25 17:38:15 - __main__ - INFO - ============================================================
2026-06-25 17:38:16 - base - INFO - Using device: cuda
2026-06-25 17:38:21 - base - INFO - No checkpoint found, starting from scratch
2026-06-25 17:38:21 - base - INFO - Config: epochs_total=40, batch_size=32
2026-06-25 17:38:21 - base - INFO - Starting training from epoch 0 to 40
2026-06-25 17:38:21 - base - INFO - Epoch 1/40 - starting
2026-06-25 17:39:38 - base - INFO - Epoch 1/40 - Loss: 2.332648 - Acc: 10.35% - 77.19s
2026-06-25 17:39:38 - base - INFO - Checkpoint saved at epoch 1
2026-06-25 17:39:38 - base - INFO - Epoch 2/40 - starting
=== RUNNING on node=polimi-gpu gpu_config={'A40': 1} image=wangrat/ijm-cnn_big:latest command=[] start=2026-06-25T17:40:03.178383+00:00 ===
2026-06-25 17:40:05 - __main__ - INFO - ============================================================
2026-06-25 17:40:05 - __main__ - INFO - Starting cnn_big v2 training (synthetic 128x128x3, deep CNN)
2026-06-25 17:40:05 - __main__ - INFO - ============================================================
2026-06-25 17:40:06 - base - INFO - Using device: cuda
2026-06-25 17:40:07 - base - INFO - Loading checkpoint from /checkpoints/latest.pt
2026-06-25 17:40:08 - base - INFO - Resumed from epoch 1 (best acc: 10.35%)
2026-06-25 17:40:08 - base - INFO - Config: epochs_total=40, batch_size=32
2026-06-25 17:40:08 - base - INFO - Starting training from epoch 1 to 40
2026-06-25 17:40:08 - base - INFO - Epoch 2/40 - starting
2026-06-25 17:40:13 - base - INFO - Epoch 2/40 - Loss: 2.319655 - Acc: 12.11% - 5.38s
2026-06-25 17:40:13 - base - INFO - Checkpoint saved at epoch 2
2026-06-25 17:40:13 - base - INFO - Epoch 3/40 - starting
2026-06-25 17:40:19 - base - INFO - Epoch 3/40 - Loss: 2.318008 - Acc: 10.16% - 5.10s
2026-06-25 17:40:19 - base - INFO - Checkpoint saved at epoch 3
2026-06-25 17:40:19 - base - INFO - Epoch 4/40 - starting
2026-06-25 17:40:24 - base - INFO - Epoch 4/40 - Loss: 2.314888 - Acc: 10.55% - 5.10s
2026-06-25 17:40:24 - base - INFO - Checkpoint saved at epoch 4
2026-06-25 17:40:24 - base - INFO - Epoch 5/40 - starting
2026-06-25 17:40:29 - base - INFO - Epoch 5/40 - Loss: 2.293160 - Acc: 12.50% - 5.09s
2026-06-25 17:40:30 - base - INFO - Checkpoint saved at epoch 5
2026-06-25 17:40:30 - base - INFO - Epoch 6/40 - starting
2026-06-25 17:40:35 - base - INFO - Epoch 6/40 - Loss: 2.258182 - Acc: 9.18% - 5.10s
2026-06-25 17:40:35 - base - INFO - Checkpoint saved at epoch 6
2026-06-25 17:40:35 - base - INFO - Epoch 7/40 - starting
2026-06-25 17:40:40 - base - INFO - Epoch 7/40 - Loss: 2.172541 - Acc: 12.50% - 5.10s
2026-06-25 17:40:41 - base - INFO - Checkpoint saved at epoch 7
2026-06-25 17:40:41 - base - INFO - Epoch 8/40 - starting
2026-06-25 17:40:46 - base - INFO - Epoch 8/40 - Loss: 1.955374 - Acc: 12.50% - 5.10s
2026-06-25 17:40:46 - base - INFO - Checkpoint saved at epoch 8
2026-06-25 17:40:46 - base - INFO - Epoch 9/40 - starting
2026-06-25 17:40:51 - base - INFO - Epoch 9/40 - Loss: 1.619741 - Acc: 9.18% - 5.11s
2026-06-25 17:40:51 - base - INFO - Checkpoint saved at epoch 9
2026-06-25 17:40:51 - base - INFO - Epoch 10/40 - starting
2026-06-25 17:40:57 - base - INFO - Epoch 10/40 - Loss: 1.211208 - Acc: 8.98% - 5.11s
2026-06-25 17:40:57 - base - INFO - Checkpoint saved at epoch 10
2026-06-25 17:40:57 - base - INFO - Epoch 11/40 - starting
2026-06-25 17:41:02 - base - INFO - Epoch 11/40 - Loss: 0.895627 - Acc: 9.18% - 5.11s
2026-06-25 17:41:02 - base - INFO - Checkpoint saved at epoch 11
2026-06-25 17:41:02 - base - INFO - Epoch 12/40 - starting
2026-06-25 17:41:07 - base - INFO - Epoch 12/40 - Loss: 0.582650 - Acc: 12.50% - 5.10s
2026-06-25 17:41:08 - base - INFO - Checkpoint saved at epoch 12
2026-06-25 17:41:08 - base - INFO - Epoch 13/40 - starting
2026-06-25 17:41:13 - base - INFO - Epoch 13/40 - Loss: 0.452404 - Acc: 10.16% - 5.12s
2026-06-25 17:41:13 - base - INFO - Checkpoint saved at epoch 13
2026-06-25 17:41:13 - base - INFO - Epoch 14/40 - starting
2026-06-25 17:41:18 - base - INFO - Epoch 14/40 - Loss: 0.338061 - Acc: 12.50% - 5.10s
2026-06-25 17:41:19 - base - INFO - Checkpoint saved at epoch 14
2026-06-25 17:41:19 - base - INFO - Epoch 15/40 - starting
2026-06-25 17:41:24 - base - INFO - Epoch 15/40 - Loss: 0.266638 - Acc: 7.81% - 5.10s
2026-06-25 17:41:24 - base - INFO - Checkpoint saved at epoch 15
2026-06-25 17:41:24 - base - INFO - Epoch 16/40 - starting
2026-06-25 17:41:29 - base - INFO - Epoch 16/40 - Loss: 0.251973 - Acc: 8.59% - 5.09s
2026-06-25 17:41:29 - base - INFO - Checkpoint saved at epoch 16
2026-06-25 17:41:29 - base - INFO - Epoch 17/40 - starting
2026-06-25 17:41:35 - base - INFO - Epoch 17/40 - Loss: 0.227020 - Acc: 9.96% - 5.11s
2026-06-25 17:41:35 - base - INFO - Checkpoint saved at epoch 17
2026-06-25 17:41:35 - base - INFO - Epoch 18/40 - starting
2026-06-25 17:41:40 - base - INFO - Epoch 18/40 - Loss: 0.180120 - Acc: 9.57% - 5.11s
2026-06-25 17:41:40 - base - INFO - Checkpoint saved at epoch 18
2026-06-25 17:41:40 - base - INFO - Epoch 19/40 - starting
2026-06-25 17:41:45 - base - INFO - Epoch 19/40 - Loss: 0.141957 - Acc: 10.35% - 5.10s
2026-06-25 17:41:46 - base - INFO - Checkpoint saved at epoch 19
2026-06-25 17:41:46 - base - INFO - Epoch 20/40 - starting
2026-06-25 17:41:51 - base - INFO - Epoch 20/40 - Loss: 0.103820 - Acc: 8.79% - 5.10s
2026-06-25 17:41:51 - base - INFO - Checkpoint saved at epoch 20
2026-06-25 17:41:51 - base - INFO - Epoch 21/40 - starting
2026-06-25 17:41:56 - base - INFO - Epoch 21/40 - Loss: 0.078057 - Acc: 11.33% - 5.10s
2026-06-25 17:41:56 - base - INFO - Checkpoint saved at epoch 21
2026-06-25 17:41:56 - base - INFO - Epoch 22/40 - starting
2026-06-25 17:42:01 - base - INFO - Epoch 22/40 - Loss: 0.081169 - Acc: 9.18% - 5.10s
2026-06-25 17:42:02 - base - INFO - Checkpoint saved at epoch 22
2026-06-25 17:42:02 - base - INFO - Epoch 23/40 - starting
2026-06-25 17:42:07 - base - INFO - Epoch 23/40 - Loss: 0.102526 - Acc: 9.96% - 5.10s
2026-06-25 17:42:07 - base - INFO - Checkpoint saved at epoch 23
2026-06-25 17:42:07 - base - INFO - Epoch 24/40 - starting
2026-06-25 17:42:12 - base - INFO - Epoch 24/40 - Loss: 0.133908 - Acc: 9.77% - 5.10s
2026-06-25 17:42:12 - base - INFO - Checkpoint saved at epoch 24
2026-06-25 17:42:12 - base - INFO - Epoch 25/40 - starting
2026-06-25 17:42:17 - base - INFO - Epoch 25/40 - Loss: 0.232176 - Acc: 10.35% - 5.10s
2026-06-25 17:42:18 - base - INFO - Checkpoint saved at epoch 25
2026-06-25 17:42:18 - base - INFO - Epoch 26/40 - starting
2026-06-25 17:42:23 - base - INFO - Epoch 26/40 - Loss: 0.187196 - Acc: 11.33% - 5.12s
2026-06-25 17:42:23 - base - INFO - Checkpoint saved at epoch 26
2026-06-25 17:42:23 - base - INFO - Epoch 27/40 - starting
2026-06-25 17:42:28 - base - INFO - Epoch 27/40 - Loss: 0.146273 - Acc: 12.89% - 5.09s
2026-06-25 17:42:28 - base - INFO - Checkpoint saved at epoch 27
2026-06-25 17:42:28 - base - INFO - Epoch 28/40 - starting
2026-06-25 17:42:33 - base - INFO - Epoch 28/40 - Loss: 0.092264 - Acc: 11.13% - 5.11s
2026-06-25 17:42:34 - base - INFO - Checkpoint saved at epoch 28
2026-06-25 17:42:34 - base - INFO - Epoch 29/40 - starting
2026-06-25 17:42:39 - base - INFO - Epoch 29/40 - Loss: 0.070995 - Acc: 7.42% - 5.10s
2026-06-25 17:42:39 - base - INFO - Checkpoint saved at epoch 29
2026-06-25 17:42:39 - base - INFO - Epoch 30/40 - starting
2026-06-25 17:42:44 - base - INFO - Epoch 30/40 - Loss: 0.056288 - Acc: 12.50% - 5.11s
2026-06-25 17:42:44 - base - INFO - Checkpoint saved at epoch 30
2026-06-25 17:42:44 - base - INFO - Epoch 31/40 - starting
2026-06-25 17:42:50 - base - INFO - Epoch 31/40 - Loss: 0.040775 - Acc: 9.18% - 5.10s
2026-06-25 17:42:50 - base - INFO - Checkpoint saved at epoch 31
2026-06-25 17:42:50 - base - INFO - Epoch 32/40 - starting
2026-06-25 17:42:55 - base - INFO - Epoch 32/40 - Loss: 0.047120 - Acc: 9.38% - 5.10s
2026-06-25 17:42:55 - base - INFO - Checkpoint saved at epoch 32
2026-06-25 17:42:55 - base - INFO - Epoch 33/40 - starting
2026-06-25 17:43:00 - base - INFO - Epoch 33/40 - Loss: 0.047649 - Acc: 9.18% - 5.11s
2026-06-25 17:43:00 - base - INFO - Checkpoint saved at epoch 33
2026-06-25 17:43:00 - base - INFO - Epoch 34/40 - starting
2026-06-25 17:43:06 - base - INFO - Epoch 34/40 - Loss: 0.060908 - Acc: 10.55% - 5.11s
2026-06-25 17:43:06 - base - INFO - Checkpoint saved at epoch 34
2026-06-25 17:43:06 - base - INFO - Epoch 35/40 - starting
2026-06-25 17:43:11 - base - INFO - Epoch 35/40 - Loss: 0.095055 - Acc: 9.77% - 5.11s
2026-06-25 17:43:11 - base - INFO - Checkpoint saved at epoch 35
2026-06-25 17:43:11 - base - INFO - Epoch 36/40 - starting
2026-06-25 17:43:16 - base - INFO - Epoch 36/40 - Loss: 0.119327 - Acc: 9.18% - 5.12s
2026-06-25 17:43:17 - base - INFO - Checkpoint saved at epoch 36
2026-06-25 17:43:17 - base - INFO - Epoch 37/40 - starting
2026-06-25 17:43:22 - base - INFO - Epoch 37/40 - Loss: 0.127413 - Acc: 9.57% - 5.12s
2026-06-25 17:43:22 - base - INFO - Checkpoint saved at epoch 37
2026-06-25 17:43:22 - base - INFO - Epoch 38/40 - starting
2026-06-25 17:43:27 - base - INFO - Epoch 38/40 - Loss: 0.083621 - Acc: 11.52% - 5.15s
2026-06-25 17:43:27 - base - INFO - Checkpoint saved at epoch 38
2026-06-25 17:43:27 - base - INFO - Epoch 39/40 - starting
2026-06-25 17:43:32 - base - INFO - Epoch 39/40 - Loss: 0.067428 - Acc: 9.57% - 5.12s
2026-06-25 17:43:33 - base - INFO - Checkpoint saved at epoch 39
2026-06-25 17:43:33 - base - INFO - Epoch 40/40 - starting
2026-06-25 17:43:38 - base - INFO - Epoch 40/40 - Loss: 0.063576 - Acc: 10.35% - 5.10s
2026-06-25 17:43:38 - base - INFO - Checkpoint saved at epoch 40
2026-06-25 17:43:38 - base - INFO - Training completed! Final epoch: 40
